Missing template file '/vagrant/webroot/zaxcms/tests/zaxcms/TestModule/templates/Foo.Bar.latte'.